2026-09-07T19:06:39+00:00 event=run_started task=- normal Chrome platform-first run started
2026-09-07T19:06:39+00:00 event=task_started task=337 linkedin: patient enrollment specialist
2026-09-07T19:06:42+00:00 event=auth_verified task=- linkedin: LinkedIn session authenticated
2026-09-07T19:06:43+00:00 event=navigation task=337 open search https://www.linkedin.com/jobs/search/?keywords=patient+enrollment+specialist&location=United+States&f_WT=2&f_TPR=r2592000&sortBy=DD
2026-09-07T19:06:49+00:00 event=result_discovered task=337 linkedin: 4462250061
2026-09-07T19:06:49+00:00 event=navigation task=337 open detail 4462250061
2026-09-07T19:06:51+00:00 event=detail_read task=337 linkedin: 4462250061
2026-09-07T19:06:51+00:00 event=job_recorded task=337 new: Health Insurance- Financial Clearance Associate II — Johns Hopkins Medicine
2026-09-07T19:06:52+00:00 event=result_discovered task=337 linkedin: 4427228464
2026-09-07T19:06:52+00:00 event=navigation task=337 open detail 4427228464
2026-09-07T19:06:53+00:00 event=detail_read task=337 linkedin: 4427228464
2026-09-07T19:06:53+00:00 event=job_recorded task=337 new: Technical Specialist - Active Medical Devices — BSI
2026-09-07T19:06:54+00:00 event=result_discovered task=337 linkedin: 4434782034
2026-09-07T19:06:54+00:00 event=navigation task=337 open detail 4434782034
2026-09-07T19:06:55+00:00 event=detail_read task=337 linkedin: 4434782034
2026-09-07T19:06:55+00:00 event=job_recorded task=337 new: Risk Adjustment Documentation & Coding Educator (CRC Required) — Privia Health
2026-09-07T19:06:56+00:00 event=result_discovered task=337 linkedin: 4384741222
2026-09-07T19:06:56+00:00 event=navigation task=337 open detail 4384741222
2026-09-07T19:06:57+00:00 event=detail_read task=337 linkedin: 4384741222
2026-09-07T19:06:58+00:00 event=job_recorded task=337 new: Admissions Services Specialist Acute — Acadia Healthcare
2026-09-07T19:06:59+00:00 event=result_discovered task=337 linkedin: 4385752698
2026-09-07T19:06:59+00:00 event=navigation task=337 open detail 4385752698
2026-09-07T19:07:01+00:00 event=detail_read task=337 linkedin: 4385752698
2026-09-07T19:07:01+00:00 event=job_recorded task=337 new: Senior Consultant – Oracle Health (VA Critical Support Solutions Team) — Oracle
2026-09-07T19:07:02+00:00 event=result_discovered task=337 linkedin: 4462733023
2026-09-07T19:07:02+00:00 event=navigation task=337 open detail 4462733023
2026-09-07T19:07:04+00:00 event=detail_read task=337 linkedin: 4462733023
2026-09-07T19:07:04+00:00 event=job_recorded task=337 new: Senior Clinical Specialist, Interventional Solutions - South Houston, TX — Boston Scientific
2026-09-07T19:07:05+00:00 event=result_discovered task=337 linkedin: 4460351269
2026-09-07T19:07:05+00:00 event=navigation task=337 open detail 4460351269
2026-09-07T19:07:07+00:00 event=detail_read task=337 linkedin: 4460351269
2026-09-07T19:07:08+00:00 event=job_recorded task=337 new: Endoscopy Clinical Specialist (Kansas City) — Medtronic
2026-09-07T19:07:08+00:00 event=navigation task=337 advance search result batch/page
2026-09-07T19:07:14+00:00 event=result_discovered task=337 linkedin: 4414038983
2026-09-07T19:07:14+00:00 event=navigation task=337 open detail 4414038983
2026-09-07T19:07:26+00:00 event=detail_read task=337 linkedin: 4414038983
2026-09-07T19:07:26+00:00 event=job_recorded task=337 new: Senior Knowledge Leader - Cerner Patient Accounting — Oracle
2026-09-07T19:07:27+00:00 event=result_discovered task=337 linkedin: 4457663953
2026-09-07T19:07:27+00:00 event=navigation task=337 open detail 4457663953
2026-09-07T19:07:41+00:00 event=detail_read task=337 linkedin: 4457663953
2026-09-07T19:07:41+00:00 event=job_recorded task=337 new: Clinical Specialist, CST - Portland, OR — Medtronic
2026-09-07T19:07:41+00:00 event=result_discovered task=337 linkedin: 4453799065
2026-09-07T19:07:41+00:00 event=navigation task=337 open detail 4453799065
2026-09-07T19:07:56+00:00 event=detail_read task=337 linkedin: 4453799065
2026-09-07T19:07:56+00:00 event=job_recorded task=337 new: Therapy Development Specialist - (Pacific Northwest) — Penumbra, Inc.
2026-09-07T19:07:56+00:00 event=result_discovered task=337 linkedin: 4462381045
2026-09-07T19:07:56+00:00 event=navigation task=337 open detail 4462381045
2026-09-07T19:08:09+00:00 event=detail_read task=337 linkedin: 4462381045
2026-09-07T19:08:09+00:00 event=job_recorded task=337 new: Associate Clinical Implementation Specialist (Remote) — Stryker
2026-09-07T19:08:09+00:00 event=result_discovered task=337 linkedin: 4462340113
2026-09-07T19:08:09+00:00 event=navigation task=337 open detail 4462340113
2026-09-07T19:08:24+00:00 event=detail_read task=337 linkedin: 4462340113
2026-09-07T19:08:24+00:00 event=job_recorded task=337 new: Care Connector — AmeriHealth Caritas
2026-09-07T19:08:24+00:00 event=result_discovered task=337 linkedin: 4461402634
2026-09-07T19:08:24+00:00 event=navigation task=337 open detail 4461402634
2026-09-07T19:08:39+00:00 event=detail_read task=337 linkedin: 4461402634
2026-09-07T19:08:39+00:00 event=job_recorded task=337 new: Sr. Ultrasound Clinical Account Specialist, Cardiac Sonographer (Omaha, NE) – Johnson and Johnson MedTech, Structural Heart — Johnson & Johnson
2026-09-07T19:09:00+00:00 event=run_started task=- normal Chrome platform-first run started
2026-09-07T19:09:00+00:00 event=task_started task=337 linkedin: patient enrollment specialist
2026-09-07T19:09:04+00:00 event=auth_verified task=- linkedin: LinkedIn session authenticated
2026-09-07T19:09:04+00:00 event=navigation task=337 open search https://www.linkedin.com/jobs/search/?currentJobId=4462250061&f_TPR=r2592000&f_WT=2&keywords=patient%20enrollment%20specialist&location=United%20States&sortBy=DD&start=25
2026-09-07T19:09:11+00:00 event=result_discovered task=337 linkedin: 4414038983
2026-09-07T19:09:11+00:00 event=navigation task=337 open detail 4414038983
2026-09-07T19:09:12+00:00 event=detail_read task=337 linkedin: 4414038983
2026-09-07T19:09:13+00:00 event=job_recorded task=337 unchanged: Senior Knowledge Leader - Cerner Patient Accounting — Oracle
2026-09-07T19:09:14+00:00 event=result_discovered task=337 linkedin: 4457663953
2026-09-07T19:09:14+00:00 event=navigation task=337 open detail 4457663953
2026-09-07T19:09:15+00:00 event=detail_read task=337 linkedin: 4457663953
2026-09-07T19:09:15+00:00 event=job_recorded task=337 updated: Clinical Specialist, CST - Portland, OR — Medtronic
2026-09-07T19:09:16+00:00 event=result_discovered task=337 linkedin: 4453799065
2026-09-07T19:09:16+00:00 event=navigation task=337 open detail 4453799065
2026-09-07T19:09:17+00:00 event=detail_read task=337 linkedin: 4453799065
2026-09-07T19:09:17+00:00 event=job_recorded task=337 updated: Therapy Development Specialist - (Pacific Northwest) — Penumbra, Inc.
2026-09-07T19:09:18+00:00 event=result_discovered task=337 linkedin: 4462381045
2026-09-07T19:09:18+00:00 event=navigation task=337 open detail 4462381045
2026-09-07T19:09:21+00:00 event=detail_read task=337 linkedin: 4462381045
2026-09-07T19:09:21+00:00 event=job_recorded task=337 updated: Associate Clinical Implementation Specialist (Remote) — Stryker
2026-09-07T19:09:22+00:00 event=result_discovered task=337 linkedin: 4462340113
2026-09-07T19:09:22+00:00 event=navigation task=337 open detail 4462340113
2026-09-07T19:09:25+00:00 event=detail_read task=337 linkedin: 4462340113
2026-09-07T19:09:25+00:00 event=job_recorded task=337 updated: Care Connector — AmeriHealth Caritas
2026-09-07T19:09:25+00:00 event=result_discovered task=337 linkedin: 4461402634
2026-09-07T19:09:25+00:00 event=navigation task=337 open detail 4461402634
2026-09-07T19:09:28+00:00 event=detail_read task=337 linkedin: 4461402634
2026-09-07T19:09:28+00:00 event=job_recorded task=337 updated: Sr. Ultrasound Clinical Account Specialist, Cardiac Sonographer (Omaha, NE) – Johnson and Johnson MedTech, Structural Heart — Johnson & Johnson
2026-09-07T19:09:29+00:00 event=result_discovered task=337 linkedin: 4463650040
2026-09-07T19:09:29+00:00 event=navigation task=337 open detail 4463650040
2026-09-07T19:09:31+00:00 event=detail_read task=337 linkedin: 4463650040
2026-09-07T19:09:31+00:00 event=job_recorded task=337 new: HIM Health Record Associate, Remote, Health Information Management, FT, 08:30A-5P — Baptist Health
2026-09-07T19:09:32+00:00 event=result_discovered task=337 linkedin: 4462250061
2026-09-07T19:09:32+00:00 event=task_incomplete task=337 Acceptance limit reached (20); production has no count limit
2026-09-07T19:09:32+00:00 event=task_started task=338 linkedin: patient access specialist
2026-09-07T19:09:32+00:00 event=navigation task=338 open search https://www.linkedin.com/jobs/search/?keywords=patient+access+specialist&location=United+States&f_WT=2&f_TPR=r2592000&sortBy=DD
2026-09-07T19:09:38+00:00 event=result_discovered task=338 linkedin: 4456330047
2026-09-07T19:09:38+00:00 event=navigation task=338 open detail 4456330047
2026-09-07T19:09:40+00:00 event=detail_read task=338 linkedin: 4456330047
2026-09-07T19:09:40+00:00 event=job_recorded task=338 new: Prin Health E​conomics, Policy and Reimbursement Generalist — Medtronic
2026-09-07T19:09:41+00:00 event=result_discovered task=338 linkedin: 4462615680
2026-09-07T19:09:41+00:00 event=navigation task=338 open detail 4462615680
2026-09-07T19:09:43+00:00 event=detail_read task=338 linkedin: 4462615680
2026-09-07T19:09:43+00:00 event=job_recorded task=338 new: Intake Specialist — Float Health Brasil
2026-09-07T19:09:43+00:00 event=result_discovered task=338 linkedin: 4454582434
2026-09-07T19:09:43+00:00 event=navigation task=338 open detail 4454582434
2026-09-07T19:09:46+00:00 event=detail_read task=338 linkedin: 4454582434
2026-09-07T19:09:46+00:00 event=job_recorded task=338 new: Quality Specialist - Patient Access-28718 — Rush University Medical Center
2026-09-07T19:09:46+00:00 event=result_discovered task=338 linkedin: 4463659089
2026-09-07T19:09:46+00:00 event=navigation task=338 open detail 4463659089
2026-09-07T19:09:48+00:00 event=detail_read task=338 linkedin: 4463659089
2026-09-07T19:09:48+00:00 event=job_recorded task=338 new: Intake Operations Support Specialist — Optum
2026-09-07T19:09:49+00:00 event=result_discovered task=338 linkedin: 4463650042
2026-09-07T19:09:49+00:00 event=navigation task=338 open detail 4463650042
2026-09-07T19:09:50+00:00 event=detail_read task=338 linkedin: 4463650042
2026-09-07T19:09:50+00:00 event=job_recorded task=338 new: HIM Protected Health Info Specialist, Remote, Health Information Management, FT, 08:30A-5P — Baptist Health
2026-09-07T19:09:51+00:00 event=result_discovered task=338 linkedin: 4450828814
2026-09-07T19:09:51+00:00 event=navigation task=338 open detail 4450828814
2026-09-07T19:09:52+00:00 event=detail_read task=338 linkedin: 4450828814
2026-09-07T19:09:53+00:00 event=job_recorded task=338 new: Staff Consultant - Health Information Management — Oracle
2026-09-07T19:09:53+00:00 event=result_discovered task=338 linkedin: 4463106173
2026-09-07T19:09:53+00:00 event=navigation task=338 open detail 4463106173
2026-09-07T19:09:55+00:00 event=detail_read task=338 linkedin: 4463106173
2026-09-07T19:09:55+00:00 event=job_recorded task=338 new: Clinical Applications Specialist Women's Health (West Coast) — GE HealthCare
2026-09-07T19:09:55+00:00 event=navigation task=338 advance search result batch/page
2026-09-07T19:10:01+00:00 event=result_discovered task=338 linkedin: 4462620620
2026-09-07T19:10:01+00:00 event=navigation task=338 open detail 4462620620
2026-09-07T19:10:04+00:00 event=detail_read task=338 linkedin: 4462620620
2026-09-07T19:10:04+00:00 event=job_recorded task=338 updated: Intake Specialist — Float Health Brasil
2026-09-07T19:10:05+00:00 event=result_discovered task=338 linkedin: 4413603288
2026-09-07T19:10:05+00:00 event=navigation task=338 open detail 4413603288
2026-09-07T19:10:08+00:00 event=detail_read task=338 linkedin: 4413603288
2026-09-07T19:10:08+00:00 event=job_recorded task=338 new: Principal Consultant - Health Information Management — Oracle
2026-09-07T19:10:08+00:00 event=result_discovered task=338 linkedin: 4463105491
2026-09-07T19:10:08+00:00 event=navigation task=338 open detail 4463105491
2026-09-07T19:10:10+00:00 event=detail_read task=338 linkedin: 4463105491
2026-09-07T19:10:10+00:00 event=job_recorded task=338 unchanged: Clinical Applications Specialist Women's Health (West Coast) — GE HealthCare
2026-09-07T19:10:11+00:00 event=result_discovered task=338 linkedin: 4451499761
2026-09-07T19:10:11+00:00 event=navigation task=338 open detail 4451499761
2026-09-07T19:10:13+00:00 event=detail_read task=338 linkedin: 4451499761
2026-09-07T19:10:13+00:00 event=job_recorded task=338 new: Patient Access Specialist — Syneos Health Commercial Solutions
2026-09-07T19:10:13+00:00 event=result_discovered task=338 linkedin: 4452630296
2026-09-07T19:10:13+00:00 event=navigation task=338 open detail 4452630296
2026-09-07T19:10:16+00:00 event=detail_read task=338 linkedin: 4452630296
2026-09-07T19:10:16+00:00 event=job_recorded task=338 new: Senior Surgical Onsite Specialist - Lung Health (Dallas) — Medtronic
2026-09-07T19:10:16+00:00 event=run_finished task=- stopped
